// Jest Snapshot v1, https://goo.gl/fbAQLP

exports[`renders correctly 1`] = `
<nav
  className="navbar navbar-expand-lg navbar-dark bg-dark fixed-top"
  id="mainNav"
>
  <div
    className="container"
  >
    <a
      className="navbar-brand"
      href="/"
      id="navtext"
      onClick={[Function]}
    >
      <img
        alt="logo"
        id="navlogo"
        src="/img/logo.png"
      />
      Personal Information Manager 
    </a>
    <a
      className="navbar-brand"
      href="/"
      id="navtextToogle"
      onClick={[Function]}
    >
      <img
        alt="logo"
        id="navlogoToogle"
        src="/img/logo.png"
      />
    </a>
    <button
      aria-controls="navbarResponsive"
      aria-expanded="false"
      aria-label="Toggle navigation"
      className="navbar-toggler"
      data-target="#navbarResponsive"
      data-toggle="collapse"
      type="button"
    >
      <span
        className="navbar-toggler-icon"
      />
    </button>
    <div
      className="collapse navbar-collapse"
      id="navbarResponsive"
    >
      <ul
        className="navbar-nav ml-auto"
      >
        <li
          className="nav-item nav-link"
        >
          <a
            href="/calender"
            onClick={[Function]}
          >
            Calender
          </a>
        </li>
        <li
          className="nav-item nav-link"
        >
          <a
            href="/todo"
            onClick={[Function]}
          >
            Todo
          </a>
        </li>
        <li
          className="nav-item nav-link"
        >
          <a
            href="/notes"
            onClick={[Function]}
          >
            Notes
          </a>
        </li>
      </ul>
    </div>
  </div>
</nav>
`;
