// Jest Snapshot v1, https://goo.gl/fbAQLP

exports[`renders correctly 1`] = `
<header
  className="bg-primary text-white"
  id="page-top"
>
  <div
    className="container text-center"
  >
    <h2>
      Welcome to the Personal Information Manager
    </h2>
    <p
      className="lead"
    >
      This page helps to keep your personal information organized in a practical way.
    </p>
  </div>
</header>
`;
