// Jest Snapshot v1, https://goo.gl/fbAQLP

exports[`renders correctly 1`] = `
<footer
  className="py-5 bg-dark"
>
  <div
    className="container"
  >
    <p
      className="m-0 text-center text-white"
    >
      Copyright Â© Gruppe 20 - IT2810@NTNU
    </p>
  </div>
</footer>
`;
